// Jest Snapshot v1, https://goo.gl/fbAQLP

exports[`ListDecks Component without crashing 1`] = `
<ActivityIndicator
  animating={true}
  color="#708090"
  hidesWhenStopped={true}
  size="large"
/>
`;
