// Jest Snapshot v1, https://goo.gl/fbAQLP

exports[`QuizScore Component without crashing 1`] = `
<View
  style={
    Array [
      Object {
        "backgroundColor": "#fff",
        "flex": 1,
        "padding": 20,
      },
    ]
  }
>
  <Text
    style={
      Array [
        Object {
          "color": "#708090",
          "fontSize": 28,
          "marginBottom": 20,
        },
        Object {},
      ]
    }
  >
    Your scores
  </Text>
  <Text
    style={
      Array [
        Object {
          "color": "#708090",
          "fontSize": 28,
          "marginBottom": 20,
        },
        Object {
          "color": "#708090",
          "fontSize": 18,
        },
        Object {},
      ]
    }
  >
    You don't have scores.
  </Text>
</View>
`;
